// Validating benchmarks:
// ***** BenchmarkRunner: Start   *****
// ***** Found 24 benchmark(s) in total *****
// ***** Building 1 exe(s) in Parallel: Start   *****
// start dotnet  restore --nodeReuse:false /p:UseSharedCompilation=false /p:Deterministic=true /p:Optimize=true /p:ArtifactsPath="D:\SourceCode\Tedd.WritableBitmap\benchmarks\bin\Release\net10.0\Tedd.WriteableBitmap.Benchmarks-1/" /p:OutDir="D:\SourceCode\Tedd.WritableBitmap\benchmarks\bin\Release\net10.0\Tedd.WriteableBitmap.Benchmarks-1\bin\Release\net10.0/" /p:OutputPath="D:\SourceCode\Tedd.WritableBitmap\benchmarks\bin\Release\net10.0\Tedd.WriteableBitmap.Benchmarks-1\bin\Release\net10.0/" /p:PublishDir="D:\SourceCode\Tedd.WritableBitmap\benchmarks\bin\Release\net10.0\Tedd.WriteableBitmap.Benchmarks-1\publish/" in D:\SourceCode\Tedd.WritableBitmap\benchmarks\bin\Release\net10.0\Tedd.WriteableBitmap.Benchmarks-1
// command took 2.02 sec and exited with 0
// start dotnet  build -c Release --no-restore --nodeReuse:false /p:UseSharedCompilation=false /p:Deterministic=true /p:Optimize=true /p:ArtifactsPath="D:\SourceCode\Tedd.WritableBitmap\benchmarks\bin\Release\net10.0\Tedd.WriteableBitmap.Benchmarks-1/" /p:OutDir="D:\SourceCode\Tedd.WritableBitmap\benchmarks\bin\Release\net10.0\Tedd.WriteableBitmap.Benchmarks-1\bin\Release\net10.0/" /p:OutputPath="D:\SourceCode\Tedd.WritableBitmap\benchmarks\bin\Release\net10.0\Tedd.WriteableBitmap.Benchmarks-1\bin\Release\net10.0/" /p:PublishDir="D:\SourceCode\Tedd.WritableBitmap\benchmarks\bin\Release\net10.0\Tedd.WriteableBitmap.Benchmarks-1\publish/" --output "D:\SourceCode\Tedd.WritableBitmap\benchmarks\bin\Release\net10.0\Tedd.WriteableBitmap.Benchmarks-1\bin\Release\net10.0/" in D:\SourceCode\Tedd.WritableBitmap\benchmarks\bin\Release\net10.0\Tedd.WriteableBitmap.Benchmarks-1
// command took 3.8 sec and exited with 1
// ***** Done, took 00:00:05 (5.9 sec)   *****
// Found 6 benchmarks:
//   ColorBenchmarks.Before: Net10(IterationCount=10, IterationTime=250ms, LaunchCount=1, WarmupCount=3) [Alpha=-1]
//   ColorBenchmarks.After: Net10(IterationCount=10, IterationTime=250ms, LaunchCount=1, WarmupCount=3) [Alpha=-1]
//   ColorBenchmarks.Before: Net10(IterationCount=10, IterationTime=250ms, LaunchCount=1, WarmupCount=3) [Alpha=128]
//   ColorBenchmarks.After: Net10(IterationCount=10, IterationTime=250ms, LaunchCount=1, WarmupCount=3) [Alpha=128]
//   ColorBenchmarks.Before: Net10(IterationCount=10, IterationTime=250ms, LaunchCount=1, WarmupCount=3) [Alpha=255]
//   ColorBenchmarks.After: Net10(IterationCount=10, IterationTime=250ms, LaunchCount=1, WarmupCount=3) [Alpha=255]

Setup power plan (GUID: 8c5e7fda-e8bf-4a96-9a85-a6e23a8c635c FriendlyName: High performance)
// Build Error: Standard output: 
  
 Standard error: 
 C:\Program Files\dotnet\sdk\11.0.100-preview.7.26381.103\Sdks\Microsoft.NET.Sdk\targets\Microsoft.NET.RuntimeIdentifierInference.targets(385,5): message NETSDK1057: You are using a preview version of .NET. See: https://aka.ms/dotnet-support-policy [D:\SourceCode\Tedd.WritableBitmap\benchmarks\bin\Release\net10.0\Tedd.WriteableBitmap.Benchmarks-1\BenchmarkDotNet.Autogenerated.csproj]
C:\Program Files\dotnet\sdk\11.0.100-preview.7.26381.103\Sdks\Microsoft.NET.Sdk\targets\Microsoft.NET.RuntimeIdentifierInference.targets(385,5): message NETSDK1057: You are using a preview version of .NET. See: https://aka.ms/dotnet-support-policy [D:\SourceCode\Tedd.WritableBitmap\benchmarks\archives\V03\ArchivedBitmap.csproj]
C:\Program Files\dotnet\sdk\11.0.100-preview.7.26381.103\Sdks\Microsoft.NET.Sdk\targets\Microsoft.NET.RuntimeIdentifierInference.targets(385,5): message NETSDK1057: You are using a preview version of .NET. See: https://aka.ms/dotnet-support-policy [D:\SourceCode\Tedd.WritableBitmap\benchmarks\archives\V05\ArchivedBitmap.csproj]
C:\Program Files\dotnet\sdk\11.0.100-preview.7.26381.103\Sdks\Microsoft.NET.Sdk\targets\Microsoft.NET.RuntimeIdentifierInference.targets(385,5): message NETSDK1057: You are using a preview version of .NET. See: https://aka.ms/dotnet-support-policy [D:\SourceCode\Tedd.WritableBitmap\benchmarks\archives\V04\ArchivedBitmap.csproj]
C:\Program Files\dotnet\sdk\11.0.100-preview.7.26381.103\Sdks\Microsoft.NET.Sdk\targets\Microsoft.NET.RuntimeIdentifierInference.targets(385,5): message NETSDK1057: You are using a preview version of .NET. See: https://aka.ms/dotnet-support-policy [D:\SourceCode\Tedd.WritableBitmap\benchmarks\archives\V01\ArchivedBitmap.csproj]
C:\Program Files\dotnet\sdk\11.0.100-preview.7.26381.103\Sdks\Microsoft.NET.Sdk\targets\Microsoft.NET.RuntimeIdentifierInference.targets(385,5): message NETSDK1057: You are using a preview version of .NET. See: https://aka.ms/dotnet-support-policy [D:\SourceCode\Tedd.WritableBitmap\benchmarks\archives\V00\ArchivedBitmap.csproj]
C:\Program Files\dotnet\sdk\11.0.100-preview.7.26381.103\Sdks\Microsoft.NET.Sdk\targets\Microsoft.NET.RuntimeIdentifierInference.targets(385,5): message NETSDK1057: You are using a preview version of .NET. See: https://aka.ms/dotnet-support-policy [D:\SourceCode\Tedd.WritableBitmap\benchmarks\archives\V02\ArchivedBitmap.csproj]
  Retrying operation on file "D:\SourceCode\Tedd.WritableBitmap\benchmarks\bin\Release\net10.0\Tedd.WriteableBitmap.Benchmarks-1/\obj\ArchivedBitmap\release\ArchivedBitmap.GlobalUsings.g.cs" (attempt 2 of 3). Reason: Access to the path is denied.
  Retrying operation on file "D:\SourceCode\Tedd.WritableBitmap\benchmarks\bin\Release\net10.0\Tedd.WriteableBitmap.Benchmarks-1/\obj\ArchivedBitmap\release\ArchivedBitmap.GlobalUsings.g.cs" (attempt 2 of 3). Reason: Access to the path is denied.
  Retrying operation on file "D:\SourceCode\Tedd.WritableBitmap\benchmarks\bin\Release\net10.0\Tedd.WriteableBitmap.Benchmarks-1/\obj\ArchivedBitmap\release\ArchivedBitmap.GlobalUsings.g.cs" (attempt 2 of 3). Reason: Access to the path is denied.
  Retrying operation on file "D:\SourceCode\Tedd.WritableBitmap\benchmarks\bin\Release\net10.0\Tedd.WriteableBitmap.Benchmarks-1/\obj\ArchivedBitmap\release\ArchivedBitmap.GlobalUsings.g.cs" (attempt 3 of 3). Reason: Access to the path is denied.
  Retrying operation on file "D:\SourceCode\Tedd.WritableBitmap\benchmarks\bin\Release\net10.0\Tedd.WriteableBitmap.Benchmarks-1/\obj\ArchivedBitmap\release\ArchivedBitmap.GlobalUsings.g.cs" (attempt 3 of 3). Reason: Access to the path is denied.
  Unable to use package assets cache due to I/O error. This can occur when the same project is built more than once in parallel. Performance may be degraded, but the build result will not be impacted.
  Unable to use package assets cache due to I/O error. This can occur when the same project is built more than once in parallel. Performance may be degraded, but the build result will not be impacted.
C:\Program Files\dotnet\sdk\11.0.100-preview.7.26381.103\Sdks\Microsoft.NET.Sdk\targets\Microsoft.NET.GenerateGlobalUsings.targets(45,5): error MSB3491: Could not write lines to file "D:\SourceCode\Tedd.WritableBitmap\benchmarks\bin\Release\net10.0\Tedd.WriteableBitmap.Benchmarks-1/\obj\ArchivedBitmap\release\ArchivedBitmap.GlobalUsings.g.cs". Access to the path is denied.  [D:\SourceCode\Tedd.WritableBitmap\benchmarks\archives\V05\ArchivedBitmap.csproj]
  Unable to use package assets cache due to I/O error. This can occur when the same project is built more than once in parallel. Performance may be degraded, but the build result will not be impacted.
C:\Program Files\dotnet\sdk\11.0.100-preview.7.26381.103\Microsoft.Common.CurrentVersion.targets(2453,5): warning MSB3101: Could not write state file "D:\SourceCode\Tedd.WritableBitmap\benchmarks\bin\Release\net10.0\Tedd.WriteableBitmap.Benchmarks-1/\obj\ArchivedBitmap\release\ArchivedBitmap.csproj.AssemblyReference.cache". The process cannot access the file 'D:\SourceCode\Tedd.WritableBitmap\benchmarks\bin\Release\net10.0\Tedd.WriteableBitmap.Benchmarks-1\obj\ArchivedBitmap\release\ArchivedBitmap.csproj.AssemblyReference.cache' because it is being used by another process. [D:\SourceCode\Tedd.WritableBitmap\benchmarks\archives\V01\ArchivedBitmap.csproj]
C:\Program Files\dotnet\sdk\11.0.100-preview.7.26381.103\Microsoft.Common.CurrentVersion.targets(2453,5): warning MSB3101: Could not write state file "D:\SourceCode\Tedd.WritableBitmap\benchmarks\bin\Release\net10.0\Tedd.WriteableBitmap.Benchmarks-1/\obj\ArchivedBitmap\release\ArchivedBitmap.csproj.AssemblyReference.cache". The process cannot access the file 'D:\SourceCode\Tedd.WritableBitmap\benchmarks\bin\Release\net10.0\Tedd.WriteableBitmap.Benchmarks-1\obj\ArchivedBitmap\release\ArchivedBitmap.csproj.AssemblyReference.cache' because it is being used by another process. [D:\SourceCode\Tedd.WritableBitmap\benchmarks\archives\V04\ArchivedBitmap.csproj]
  Retrying operation on file "D:\SourceCode\Tedd.WritableBitmap\benchmarks\bin\Release\net10.0\Tedd.WriteableBitmap.Benchmarks-1/\obj\ArchivedBitmap\release\ArchivedBitmap.AssemblyInfoInputs.cache" (attempt 2 of 3). Reason: Access to the path is denied.
  ArchivedBitmap -> D:\SourceCode\Tedd.WritableBitmap\benchmarks\bin\Release\net10.0\Tedd.WriteableBitmap.Benchmarks-1\bin\Release\net10.0\Tedd.WriteableBitmap.Archive.V04.dll
  ArchivedBitmap -> D:\SourceCode\Tedd.WritableBitmap\benchmarks\bin\Release\net10.0\Tedd.WriteableBitmap.Benchmarks-1\bin\Release\net10.0\Tedd.WriteableBitmap.Archive.V03.dll
  ArchivedBitmap -> D:\SourceCode\Tedd.WritableBitmap\benchmarks\bin\Release\net10.0\Tedd.WriteableBitmap.Benchmarks-1\bin\Release\net10.0\Tedd.WriteableBitmap.Archive.V02.dll
  Retrying operation on file "D:\SourceCode\Tedd.WritableBitmap\benchmarks\bin\Release\net10.0\Tedd.WriteableBitmap.Benchmarks-1/\obj\ArchivedBitmap\release\ArchivedBitmap.csproj.FileListAbsolute.txt" (attempt 2 of 3). Reason: Access to the path is denied.
  ArchivedBitmap -> D:\SourceCode\Tedd.WritableBitmap\benchmarks\bin\Release\net10.0\Tedd.WriteableBitmap.Benchmarks-1\bin\Release\net10.0\Tedd.WriteableBitmap.Archive.V00.dll
  ArchivedBitmap -> D:\SourceCode\Tedd.WritableBitmap\benchmarks\bin\Release\net10.0\Tedd.WriteableBitmap.Benchmarks-1\bin\Release\net10.0\Tedd.WriteableBitmap.Archive.V01.dll
Build FAILED.
C:\Program Files\dotnet\sdk\11.0.100-preview.7.26381.103\Microsoft.Common.CurrentVersion.targets(2453,5): warning MSB3101: Could not write state file "D:\SourceCode\Tedd.WritableBitmap\benchmarks\bin\Release\net10.0\Tedd.WriteableBitmap.Benchmarks-1/\obj\ArchivedBitmap\release\ArchivedBitmap.csproj.AssemblyReference.cache". The process cannot access the file 'D:\SourceCode\Tedd.WritableBitmap\benchmarks\bin\Release\net10.0\Tedd.WriteableBitmap.Benchmarks-1\obj\ArchivedBitmap\release\ArchivedBitmap.csproj.AssemblyReference.cache' because it is being used by another process. [D:\SourceCode\Tedd.WritableBitmap\benchmarks\archives\V01\ArchivedBitmap.csproj]
C:\Program Files\dotnet\sdk\11.0.100-preview.7.26381.103\Microsoft.Common.CurrentVersion.targets(2453,5): warning MSB3101: Could not write state file "D:\SourceCode\Tedd.WritableBitmap\benchmarks\bin\Release\net10.0\Tedd.WriteableBitmap.Benchmarks-1/\obj\ArchivedBitmap\release\ArchivedBitmap.csproj.AssemblyReference.cache". The process cannot access the file 'D:\SourceCode\Tedd.WritableBitmap\benchmarks\bin\Release\net10.0\Tedd.WriteableBitmap.Benchmarks-1\obj\ArchivedBitmap\release\ArchivedBitmap.csproj.AssemblyReference.cache' because it is being used by another process. [D:\SourceCode\Tedd.WritableBitmap\benchmarks\archives\V04\ArchivedBitmap.csproj]
C:\Program Files\dotnet\sdk\11.0.100-preview.7.26381.103\Sdks\Microsoft.NET.Sdk\targets\Microsoft.NET.GenerateGlobalUsings.targets(45,5): error MSB3491: Could not write lines to file "D:\SourceCode\Tedd.WritableBitmap\benchmarks\bin\Release\net10.0\Tedd.WriteableBitmap.Benchmarks-1/\obj\ArchivedBitmap\release\ArchivedBitmap.GlobalUsings.g.cs". Access to the path is denied.  [D:\SourceCode\Tedd.WritableBitmap\benchmarks\archives\V05\ArchivedBitmap.csproj]
    2 Warning(s)
    1 Error(s)
Time Elapsed 00:00:03.34

// BenchmarkDotNet has failed to build the auto-generated boilerplate code.
// It can be found in D:\SourceCode\Tedd.WritableBitmap\benchmarks\bin\Release\net10.0\Tedd.WriteableBitmap.Benchmarks-1
// Please follow the troubleshooting guide: https://benchmarkdotnet.org/articles/guides/troubleshooting.html

// ** Remained 18 (75.0%) benchmark(s) to run. Estimated finish 2026-09-03 22:08 (0h 0m from now) **
Successfully reverted power plan (GUID: 381b4222-f694-41f0-9685-ff5bb260df2e FriendlyName: Balanced)
// ***** BenchmarkRunner: Finish  *****

// * Export *
  benchmarks\results\initial\results\Tedd.Benchmarks.ColorBenchmarks-report.csv
  benchmarks\results\initial\results\Tedd.Benchmarks.ColorBenchmarks-report-github.md
  benchmarks\results\initial\results\Tedd.Benchmarks.ColorBenchmarks-report.html

// * Detailed results *
ColorBenchmarks.Before: Net10(IterationCount=10, IterationTime=250ms, LaunchCount=1, WarmupCount=3) [Alpha=-1]
Runtime = ; GC = 
There are not any results runs

// * Summary *

BenchmarkDotNet v0.15.8, Windows 11 (10.0.26200.9168/25H2/2025Update/HudsonValley2)
AMD Ryzen 9 5950X 3.40GHz, 1 CPU, 32 logical and 16 physical cores
.NET SDK 11.0.100-preview.7.26381.103
  [Host] : .NET 10.0.11 (10.0.11, 10.0.1126.37416), X64 RyuJIT x86-64-v3

Job=Net10  IterationCount=10  IterationTime=250ms  
LaunchCount=1  WarmupCount=3  

| Method | Alpha | Mean | Error | Ratio | RatioSD | Alloc Ratio |
|------- |------ |-----:|------:|------:|--------:|------------:|
| Before | -1    |   NA |    NA |     ? |       ? |           ? |

Benchmarks with issues:
  ColorBenchmarks.Before: Net10(IterationCount=10, IterationTime=250ms, LaunchCount=1, WarmupCount=3) [Alpha=-1]

// * Warnings *
BaselineCustomAnalyzer
  Summary -> A question mark '?' symbol indicates that it was not possible to compute the (Ratio, RatioSD, Alloc Ratio) column(s) because the baseline or benchmark could not be found, or the baseline value is too close to zero.

// * Legends *
  Alpha       : Value of the 'Alpha' parameter
  Mean        : Arithmetic mean of all measurements
  Error       : Half of 99.9% confidence interval
  Ratio       : Mean of the ratio distribution ([Current]/[Baseline])
  RatioSD     : Standard deviation of the ratio distribution ([Current]/[Baseline])
  Alloc Ratio : Allocated memory ratio distribution ([Current]/[Baseline])
  1 ns        : 1 Nanosecond (0.000000001 sec)

// * Diagnostic Output - MemoryDiagnoser *


// ***** BenchmarkRunner: End *****
Run time: 00:00:00 (0.57 sec), executed benchmarks: 0

Global total time: 00:00:07 (7.46 sec), executed benchmarks: 0
// * Artifacts cleanup *
Artifacts cleanup is finished
