  Determining projects to restore...
  Restored D:\SourceCode\Tedd.WritableBitmap\tests\Tedd.WriteableBitmap.Maui.Tests\Tedd.WriteableBitmap.Maui.Tests.csproj (in 264 ms).
  1 of 2 projects are up-to-date for restore.
C:\Program Files\dotnet\sdk\11.0.100-preview.7.26381.103\Sdks\Microsoft.NET.Sdk\targets\Microsoft.NET.RuntimeIdentifierInference.targets(385,5): message NETSDK1057: You are using a preview version of .NET. See: https://aka.ms/dotnet-support-policy [D:\SourceCode\Tedd.WritableBitmap\tests\Tedd.WriteableBitmap.Maui.Tests\Tedd.WriteableBitmap.Maui.Tests.csproj]
  V05 -> D:\SourceCode\Tedd.WritableBitmap\benchmarks\archives\V05\bin\Release\net10.0\Tedd.WriteableBitmap.Archive.V05.dll
  Tedd.WriteableBitmap.Maui.Tests -> D:\SourceCode\Tedd.WritableBitmap\tests\Tedd.WriteableBitmap.Maui.Tests\bin\Release\net10.0\Tedd.WriteableBitmap.Maui.Tests.dll
Test run for D:\SourceCode\Tedd.WritableBitmap\tests\Tedd.WriteableBitmap.Maui.Tests\bin\Release\net10.0\Tedd.WriteableBitmap.Maui.Tests.dll (.NETCoreApp,Version=v10.0)
A total of 1 test files matched the specified pattern.
[xUnit.net 00:00:00.29]     Tedd.Maui.Tests.OptimizationLifetimeTests.AbandonedBitmapCanBeCollectedAfterRasterPresentation [FAIL]
  Failed Tedd.Maui.Tests.OptimizationLifetimeTests.AbandonedBitmapCanBeCollectedAfterRasterPresentation [34 ms]
  Error Message:
   Assert.False() Failure
Expected: False
Actual:   True
  Stack Trace:
     at Tedd.Maui.Tests.OptimizationLifetimeTests.AbandonedBitmapCanBeCollectedAfterRasterPresentation() in D:\SourceCode\Tedd.WritableBitmap\tests\Tedd.WriteableBitmap.Maui.Tests\OptimizationLifetimeTests.cs:line 16
   at System.Reflection.MethodBaseInvoker.InterpretedInvoke_Method(Object obj, IntPtr* args)
   at System.Reflection.MethodBaseInvoker.InvokeWithNoArgs(Object obj, BindingFlags invokeAttr)
Results File: D:\SourceCode\Tedd.WritableBitmap\benchmarks\results\gates\V05-rejected.trx

Failed!  - Failed:     1, Passed:     0, Skipped:     0, Total:     1, Duration: 50 ms - Tedd.WriteableBitmap.Maui.Tests.dll (net10.0)
